npm : npm warn config optional Use `--omit=optional` to exclude optional 
dependencies, or
At line:1 char:36
+ cd d:\Syspro\syspro-erp-frontend ; npm run build 2>&1 | tee build_out ...
+                                    ~~~~~~~~~~~~~~~~~~
    + CategoryInfo          : NotSpecified: (npm warn config...ependencies,  
   or:String) [], RemoteException
    + FullyQualifiedErrorId : NativeCommandError
 
npm warn config `--include=optional` to include them.
npm warn config
npm warn config       Default value does install optional deps unless 
otherwise omitted.
npm warn config optional Use `--omit=optional` to exclude optional 
dependencies, or
npm warn config `--include=optional` to include them.
npm warn config
npm warn config       Default value does install optional deps unless 
otherwise omitted.

> syspro-erp-frontend@0.1.0 build
> cross-env TAILWIND_DISABLE_LIGHTNINGCSS=1 next build

ΓÜá Invalid next.config.ts options detected: 
ΓÜá     Unrecognized key(s) in object: 'turbopack' at "experimental"
ΓÜá See more info here: https://nextjs.org/docs/messages/invalid-next-config
Γû▓ Next.js 16.1.3 (Turbopack)
- Environments: .env.local
- Experiments (use with caution):
  ? turbopack (invalid experimental key)

  Creating an optimized production build ...
Γ£ô Compiled successfully in 68s
  Skipping validation of types
  Collecting page data using 7 workers ...
  Generating static pages using 7 workers (0/56) ...
  Generating static pages using 7 workers (14/56) 
  Generating static pages using 7 workers (28/56) 
  Generating static pages using 7 workers (42/56) 
Γ£ô Generating static pages using 7 workers (56/56) in 1917.8ms
  Finalizing page optimization ...

Route (app)
Γöî Γùï /
Γö£ Γùï /_not-found
Γö£ Γùï /access
Γö£ ╞Æ /api/accounting/accounts
Γö£ ╞Æ /api/accounting/journals
Γö£ ╞Æ /api/accounting/journals/[id]/approve
Γö£ ╞Æ /api/accounting/periods
Γö£ ╞Æ /api/accounting/reports/general-ledger
Γö£ ╞Æ /api/accounting/reports/trial-balance
Γö£ ╞Æ /api/crm/contacts
Γö£ ╞Æ /api/crm/contacts/[id]
Γö£ ╞Æ /api/crm/customers
Γö£ ╞Æ /api/crm/dashboard
Γö£ ╞Æ /api/crm/deals
Γö£ ╞Æ /api/crm/deals/[id]
Γö£ ╞Æ /api/crm/leads
Γö£ ╞Æ /api/crm/leads/[id]
Γö£ ╞Æ /api/finance/accounts
Γö£ ╞Æ /api/finance/accounts/[id]
Γö£ ╞Æ /api/finance/approvals
Γö£ ╞Æ /api/finance/bills
Γö£ ╞Æ /api/finance/budgets
Γö£ ╞Æ /api/finance/budgets/[id]
Γö£ ╞Æ /api/finance/budgets/[id]/actuals
Γö£ ╞Æ /api/finance/budgets/[id]/approvals
Γö£ ╞Æ /api/finance/budgets/[id]/forecasts
Γö£ ╞Æ /api/finance/budgets/[id]/lines
Γö£ ╞Æ /api/finance/budgets/[id]/variances
Γö£ ╞Æ /api/finance/dashboard
Γö£ ╞Æ /api/finance/expenses
Γö£ ╞Æ /api/finance/expenses/[id]
Γö£ ╞Æ /api/finance/expenses/[id]/approve
Γö£ ╞Æ /api/finance/expenses/reports
Γö£ ╞Æ /api/finance/expenses/upload
Γö£ ╞Æ /api/finance/invoices
Γö£ ╞Æ /api/finance/invoices/[id]
Γö£ ╞Æ /api/finance/payments
Γö£ ╞Æ /api/finance/payments/[id]
Γö£ ╞Æ /api/finance/purchase-orders
Γö£ ╞Æ /api/finance/purchase-orders/[id]
Γö£ ╞Æ /api/finance/reports/aged-payables
Γö£ ╞Æ /api/finance/reports/aged-receivables
Γö£ ╞Æ /api/finance/reports/balance-sheet
Γö£ ╞Æ /api/finance/reports/cash-flow
Γö£ ╞Æ /api/finance/reports/comparative-pnl
Γö£ ╞Æ /api/finance/reports/drill-down/[accountId]
Γö£ ╞Æ /api/finance/reports/pnl
Γö£ ╞Æ /api/finance/vendor-analytics
Γö£ ╞Æ /api/finance/vendor-payments
Γö£ ╞Æ /api/finance/vendors
Γö£ ╞Æ /api/finance/vendors/[id]
Γö£ ╞Æ /api/health
Γö£ ╞Æ /api/superadmin
Γö£ ╞Æ /api/tenant/access-control
Γö£ ╞Æ /api/tenant/analytics
Γö£ ╞Æ /api/tenant/approvals
Γö£ ╞Æ /api/tenant/billing
Γö£ ╞Æ /api/tenant/cost-allocation
Γö£ ╞Æ /api/tenant/departments
Γö£ ╞Æ /api/tenant/employees
Γö£ ╞Æ /api/tenant/integrations
Γö£ ╞Æ /api/tenant/modules
Γö£ ╞Æ /api/tenant/org-structure
Γö£ ╞Æ /api/tenant/roles
Γö£ ╞Æ /api/tenant/security
Γö£ ╞Æ /api/tenant/workflows
Γö£ ╞Æ /api/tenants
Γö£ ╞Æ /api/tenants/[slug]
Γö£ Γùï /planner
Γö£ Γùï /superadmin
Γö£ Γùï /suppliers
Γö£ Γùï /tenant-admin
Γöö Γùï /tenant-admin/vendors


Γùï  (Static)   prerendered as static content
╞Æ  (Dynamic)  server-rendered on demand

